[rev-probe] farmmarket: PASS (subject=True later=True stale=False)
[rev-probe] fireeng: FAIL (subject=True later=False stale=True)
[rev-probe] solarroof: FAIL (subject=False later=False stale=False)
[rev-probe] dogpark: FAIL (subject=True later=False stale=False)
[rev-probe] nightmarket: FAIL (subject=True later=False stale=False)
[rev-probe] bikeshare: FAIL (subject=False later=False stale=False)
[rev-probe] schoolmerge: FAIL (subject=False later=False stale=False)
[rev-probe] landfill: FAIL (subject=False later=False stale=False)
[rev-probe] busshelter: FAIL (subject=False later=False stale=False)
[rev-probe] clinichours: FAIL (subject=False later=False stale=False)
[rev-probe] sportfield: FAIL (subject=True later=False stale=False)
[rev-probe] cemetery: FAIL (subject=False later=False stale=False)
[rev-probe] shelter: FAIL (subject=False later=False stale=False)
[rev-probe] riverwalk: FAIL (subject=False later=False stale=False)
[rev-probe] transitstation: FAIL (subject=False later=False stale=False)
[rev-probe] youthhousing: PASS (subject=True later=True stale=False)
[rev-probe] industrialpark: FAIL (subject=True later=False stale=False)
[rev-probe] jobtraining: FAIL (subject=True later=False stale=False)
[rev-probe] airquality: FAIL (subject=False later=False stale=False)
[rev-probe] smartlamp: FAIL (subject=False later=False stale=False)
[rev-probe] hotspring: FAIL (subject=True later=False stale=True)
[rev-probe] fishport: FAIL (subject=True later=False stale=False)
[rev-probe] parkinglot: FAIL (subject=False later=False stale=False)
[rev-probe] sewage: FAIL (subject=False later=False stale=False)
[rev-probe] disability: FAIL (subject=False later=False stale=False)
[rev-probe] tourism: PASS (subject=True later=True stale=False)
[rev-probe] marketrebuild: FAIL (subject=False later=False stale=False)
[rev-probe] 3/27 passed -> runs/lossmap/rev_report.json
